Case 1: 2
Case 2: 1
Case 3: 2
Case 4: 2
Case 5: 1
Case 6: 0
Case 7: 1
